sample.interval=20000
"close.connection" "close" "readRDS" "index.search" "help" "help" ".ps.help.getHtmlHelpContents" 
"paste0" "addParaBreaks" "writeLines" "writeLinesUTF8" "of1" "writeBlock" "writeContent" "writeSection" "tools::Rd2HTML" "getHtmlHelpContentsInstalled" ".ps.help.getHtmlHelpContents" 
"FUN" "lapply" "RdTags" "writeContent" "writeWrapped" "writeBlock" "writeContent" "writeContent" "writeBlock" "writeContent" "writeSection" "tools::Rd2HTML" "getHtmlHelpContentsInstalled" ".ps.help.getHtmlHelpContents" 
"utils:::getSrcByte" "isBlankLineRd" "addParaBreaks" "writeLines" "writeLinesUTF8" "of1" "writeBlock" "writeContent" "writeSection" "tools::Rd2HTML" "getHtmlHelpContentsInstalled" ".ps.help.getHtmlHelpContents" 
"close" "readRDS" "lazyLoadDBexec" "tools:::fetchRdDB" "utils:::.getHelpFile" "getHtmlHelpContentsInstalled" ".ps.help.getHtmlHelpContents" 
"close.connection" "close" "readRDS" "index.search" "help" "help" ".ps.help.getHtmlHelpContents" 
"writeLines" "writeLinesUTF8" "of1" "writeContent" "writeSection" "tools::Rd2HTML" "getHtmlHelpContentsInstalled" ".ps.help.getHtmlHelpContents" 
"gsub" "fsub" "htmlify" "utils:::getSrcByte" "isBlankLineRd" "addParaBreaks" "writeLines" "writeLinesUTF8" "of1" "writeBlock" "writeContent" "writeContent" "writeSection" "tools::Rd2HTML" "getHtmlHelpContentsInstalled" ".ps.help.getHtmlHelpContents" 
"lazyLoadDBfetch" "fetch" "fun" "lazyLoadDBexec" "tools:::fetchRdDB" "utils:::.getHelpFile" "getHtmlHelpContentsInstalled" ".ps.help.getHtmlHelpContents" 
"fsub" "htmlify" "utils:::getSrcByte" "isBlankLineRd" "addParaBreaks" "writeLines" "writeLinesUTF8" "of1" "writeBlock" "writeContent" "writeLink" "writeBlock" "writeContent" "writeWrapped" "writeBlock" "writeContent" "writeContent" "writeSection" "tools::Rd2HTML" "getHtmlHelpContentsInstalled" ".ps.help.getHtmlHelpContents" 
"gsub" "psub" "htmlify" "utils:::getSrcByte" "isBlankLineRd" "addParaBreaks" "writeLines" "writeLinesUTF8" "of1" "writeBlock" "writeContent" "writeContent" "writeSection" "tools::Rd2HTML" "getHtmlHelpContentsInstalled" ".ps.help.getHtmlHelpContents" 
"close.connection" "close" "tools::Rd2HTML" "getHtmlHelpContentsInstalled" ".ps.help.getHtmlHelpContents" 
"scan" "read.table" "read.csv" 
"scan" "read.table" "read.csv" 
"scan" "read.table" "read.csv" 
"of1" "of0" "writeWrapped" "writeBlock" "writeContent" "writeSection" "tools::Rd2HTML" "getHtmlHelpContentsInstalled" ".ps.help.getHtmlHelpContents" 
"close.connection" "close" "readRDS" "index.search" "help" "help" ".ps.help.getHtmlHelpContents" 
"writeBlock" "writeContent" "writeSection" "tools::Rd2HTML" "getHtmlHelpContentsInstalled" ".ps.help.getHtmlHelpContents" 
"gzfile" "readRDS" "doTryCatch" "tryCatchOne" "tryCatchList" "tryCatch" "FUN" "lapply" "find.package" "index.search" "help" "help" ".ps.help.getHtmlHelpContents" 
"length" "writeContent" "writeSection" "tools::Rd2HTML" "getHtmlHelpContentsInstalled" ".ps.help.getHtmlHelpContents" 
"of1" "writeBlock" "writeContent" "writeWrapped" "writeBlock" "writeContent" "writeSection" "tools::Rd2HTML" "getHtmlHelpContentsInstalled" ".ps.help.getHtmlHelpContents" 
"grepl" "addParaBreaks" "writeLines" "writeLinesUTF8" "of1" "writeBlock" "writeContent" "writeSection" "tools::Rd2HTML" "getHtmlHelpContentsInstalled" ".ps.help.getHtmlHelpContents" 
"file.exists" "getPackageNameFromHelpPath" "getHtmlHelpContentsInstalled" ".ps.help.getHtmlHelpContents" 
"utils:::getSrcByte" "isBlankLineRd" "addParaBreaks" "writeLines" "writeLinesUTF8" "of1" "writeBlock" "writeContent" "writeSection" "tools::Rd2HTML" "getHtmlHelpContentsInstalled" ".ps.help.getHtmlHelpContents" 
"gzfile" "readRDS" "lazyLoadDBexec" "tools:::fetchRdDB" "utils:::.getHelpFile" "getHtmlHelpContentsInstalled" ".ps.help.getHtmlHelpContents" 
"length" "writeContent" "writeSection" "tools::Rd2HTML" "getHtmlHelpContentsInstalled" ".ps.help.getHtmlHelpContents" 
"length" "apply" "find.package" "index.search" "help" "help" ".ps.help.getHtmlHelpContents" 
"gsub" "psub" "htmlify" "utils:::getSrcByte" "isBlankLineRd" "addParaBreaks" "writeLines" "writeLinesUTF8" "of1" "writeBlock" "writeContent" "writeSection" "tools::Rd2HTML" "getHtmlHelpContentsInstalled" ".ps.help.getHtmlHelpContents" 
"grep" "is.ddsym" "cmpSym" "cmp" "genCode" "cb$putconst" "cmpCallArgs" "cmpCallSymFun" "cmpCall" "cmp" "cmpSymbolAssign" "h" "tryInline" "cmpCall" "cmp" "h" "tryInline" "cmpCall" "cmp" "genCode" "cmpfun" "doTryCatch" "tryCatchOne" "tryCatchList" "tryCatch" "compiler:::tryCmpfun" "try_catch_handler" "h" ".handleSimpleError" 
"file.exists" "FUN" "lapply" "find.package" "index.search" "help" "help" ".ps.help.getHtmlHelpContents" 
"writeLines" "writeLinesUTF8" "of1" "writeBlock" "writeContent" "writeSection" "tools::Rd2HTML" "getHtmlHelpContentsInstalled" ".ps.help.getHtmlHelpContents" 
"close.connection" "close" "readRDS" "index.search" "help" "help" ".ps.help.getHtmlHelpContents" 
"gsub" "fsub" "htmlify" "utils:::getSrcByte" "isBlankLineRd" "addParaBreaks" "writeLines" "writeLinesUTF8" "of1" "writeBlock" "writeContent" "writeLR" "writeBlock" "writeContent" "writeSection" "tools::Rd2HTML" "getHtmlHelpContentsInstalled" ".ps.help.getHtmlHelpContents" 
"close.connection" "close" "readRDS" "doTryCatch" "tryCatchOne" "tryCatchList" "tryCatch" "FUN" "lapply" "find.package" "index.search" "help" "help" ".ps.help.getHtmlHelpContents" 
"writeLinesUTF8" "of1" "writeBlock" "writeContent" "writeSection" "tools::Rd2HTML" "getHtmlHelpContentsInstalled" ".ps.help.getHtmlHelpContents" 
"print.default" "print" "print.data.frame" "<Anonymous>" 
"putconst" "cb$putcode" "cmpSubsetDispatch" "h" "tryInline" "cmpCall" "cmp" "cmpSymbolAssign" "h" "tryInline" "cmpCall" "cmp" "h" "tryInline" "cmpCall" "cmp" "genCode" "cmpfun" "doTryCatch" "tryCatchOne" "tryCatchList" "tryCatch" "compiler:::tryCmpfun" "profile_frequency_table" 
"[.data.frame" "[" ".ps.table_subset" 
"gsub" "utils::localeToCharset" "mime_canonical_encoding" "addh" "HTMLcomponents" "tools::Rd2HTML" "getHtmlHelpContentsInstalled" ".ps.help.getHtmlHelpContents" 
"close.connection" "close" "readRDS" "index.search" "help" "help" ".ps.help.getHtmlHelpContents" 
"close.connection" "close" "tools::Rd2HTML" "getHtmlHelpContentsInstalled" ".ps.help.getHtmlHelpContents" 
"file.exists" "getPackageNameFromHelpPath" "getHtmlHelpContentsInstalled" ".ps.help.getHtmlHelpContents" 
"file.exists" "find.package" "index.search" "help" "help" ".ps.help.getHtmlHelpContents" 
"close.connection" "close" "tools::Rd2HTML" "getHtmlHelpContentsInstalled" ".ps.help.getHtmlHelpContents" 
"writeBlock" "writeContent" "writeSection" "tools::Rd2HTML" "getHtmlHelpContentsInstalled" ".ps.help.getHtmlHelpContents" 
"writeLines" "writeLinesUTF8" "of1" "of0" "writeWrapped" "writeBlock" "writeContent" "writeSection" "tools::Rd2HTML" "getHtmlHelpContentsInstalled" ".ps.help.getHtmlHelpContents" 
"close" "readRDS" "lazyLoadDBexec" "tools:::fetchRdDB" "utils:::.getHelpFile" "getHtmlHelpContentsInstalled" ".ps.help.getHtmlHelpContents" 
"close.connection" "close" "readRDS" "doTryCatch" "tryCatchOne" "tryCatchList" "tryCatch" "FUN" "lapply" "find.package" "index.search" "help" "help" ".ps.help.getHtmlHelpContents" 
"grep" "isBlankLineRd" "addParaBreaks" "writeLines" "writeLinesUTF8" "of1" "writeBlock" "writeContent" "writeSection" "tools::Rd2HTML" "getHtmlHelpContentsInstalled" ".ps.help.getHtmlHelpContents" 
"gzfile" "readRDS" "index.search" "help" "help" ".ps.help.getHtmlHelpContents" 
"file.exists" "base::.packages" 
"simplify2array" "RdTags" "get_link" "writeLink" "writeBlock" "writeContent" "writeWrapped" "writeBlock" "writeContent" "writeSection" "tools::Rd2HTML" "getHtmlHelpContentsInstalled" ".ps.help.getHtmlHelpContents" 
"close.connection" "close" "readRDS" "index.search" "help" "help" ".ps.help.getHtmlHelpContents" 
"gsub" "fsub" "htmlify" "utils:::getSrcByte" "isBlankLineRd" "addParaBreaks" "writeLines" "writeLinesUTF8" "of1" "writeBlock" "writeContent" "writeLink" "writeBlock" "writeContent" "writeWrapped" "writeBlock" "writeContent" "writeSection" "tools::Rd2HTML" "getHtmlHelpContentsInstalled" ".ps.help.getHtmlHelpContents" 
"close.connection" "close" "readRDS" "index.search" "help" "help" ".ps.help.getHtmlHelpContents" 
"close.connection" "close" "readRDS" "index.search" "help" "help" ".ps.help.getHtmlHelpContents" 
"close.connection" "close" "tools::Rd2HTML" "getHtmlHelpContentsInstalled" ".ps.help.getHtmlHelpContents" 
"close.connection" "close" "readRDS" "index.search" "help" "help" ".ps.help.getHtmlHelpContents" 
"close.connection" "close" "tools::Rd2HTML" "getHtmlHelpContentsInstalled" ".ps.help.getHtmlHelpContents" 
"readRDS" "doTryCatch" "tryCatchOne" "tryCatchList" "tryCatch" "FUN" "lapply" "find.package" "index.search" "help" "help" ".ps.help.getHtmlHelpContents" 
"<Anonymous>" "lazyLoadDBfetch" "fetch" "fun" "lazyLoadDBexec" "tools:::fetchRdDB" "utils:::.getHelpFile" "getHtmlHelpContentsInstalled" ".ps.help.getHtmlHelpContents" 
"fsub" "htmlify" "utils:::getSrcByte" "isBlankLineRd" "addParaBreaks" "writeLines" "writeLinesUTF8" "of1" "writeBlock" "writeContent" "writeSection" "tools::Rd2HTML" "getHtmlHelpContentsInstalled" ".ps.help.getHtmlHelpContents" 
"gsub" "psub" "addParaBreaks" "writeLines" "writeLinesUTF8" "of1" "writeBlock" "writeContent" "writeSection" "tools::Rd2HTML" "getHtmlHelpContentsInstalled" ".ps.help.getHtmlHelpContents" 
"close.connection" "close" "readRDS" "fun" "doTryCatch" "tryCatchOne" "tryCatchList" "tryCatch" "runHook" "loadNamespace" "doTryCatch" "tryCatchOne" "tryCatchList" "tryCatch" "library" 
".getClassesFromCache" "getClassDef" "is" "getGeneric" ".recMembers" "Recall" ".recMembers" "getGroupMembers" ".checkGroupSigLength" "Recall" ".checkGroupSigLength" ".updateMethodsInTable" ".updateMethodsInTable" ".updateMethodsInTable" "methods::cacheMetaData" "loadNamespace" "doTryCatch" "tryCatchOne" "tryCatchList" "tryCatch" "library" 
"file" "tools::Rd2HTML" "getHtmlHelpContentsInstalled" ".ps.help.getHtmlHelpContents" 
"gsub" "vapply" "utils::URLencode" "is.factor" "gsub" "string2id" "tag2id" "writeItemAsCode" "writeContent" "writeSection" "tools::Rd2HTML" "getHtmlHelpContentsInstalled" ".ps.help.getHtmlHelpContents" 
"isBlankLineRd" "addParaBreaks" "writeLines" "writeLinesUTF8" "of1" "writeBlock" "writeContent" "writeSection" "tools::Rd2HTML" "getHtmlHelpContentsInstalled" ".ps.help.getHtmlHelpContents" 
"gzfile" "readRDS" "lazyLoadDBexec" "tools:::fetchRdDB" "utils:::.getHelpFile" "getHtmlHelpContentsInstalled" ".ps.help.getHtmlHelpContents" 
"writeLines" "writeLinesUTF8" "of1" "writeBlock" "writeContent" "writeContent" "writeSection" "tools::Rd2HTML" "getHtmlHelpContentsInstalled" ".ps.help.getHtmlHelpContents" 
"fsub" "vhtmlify" "writeLines" "writeLinesUTF8" "of1" "writeBlock" "writeContent" "writeWrapped" "writeBlock" "writeContent" "writeContent" "writeSection" "tools::Rd2HTML" "getHtmlHelpContentsInstalled" ".ps.help.getHtmlHelpContents" 
"writeLines" "writeLinesUTF8" "of1" "writeBlock" "writeContent" "writeSection" "tools::Rd2HTML" "getHtmlHelpContentsInstalled" ".ps.help.getHtmlHelpContents" 
"fsub" "vhtmlify" "writeLines" "writeLinesUTF8" "of1" "writeBlock" "writeContent" "writeDR" "writeBlock" "writeContent" "writeSection" "tools::Rd2HTML" "getHtmlHelpContentsInstalled" ".ps.help.getHtmlHelpContents" 
"readRDS" "index.search" "help" "help" ".ps.help.getHtmlHelpContents" 
"fsub" "htmlify" "utils:::getSrcByte" "isBlankLineRd" "addParaBreaks" "writeLines" "writeLinesUTF8" "of1" "writeBlock" "writeContent" "writeSection" "tools::Rd2HTML" "getHtmlHelpContentsInstalled" ".ps.help.getHtmlHelpContents" 
"close.connection" "close" "tools::Rd2HTML" "getHtmlHelpContentsInstalled" ".ps.help.getHtmlHelpContents" 
"lazyLoadDBfetch" 
".Call" "data.table::fread" 
"gzfile" "readRDS" "doTryCatch" "tryCatchOne" "tryCatchList" "tryCatch" "FUN" "lapply" "find.package" "loadNamespace" "asNamespace" "namespaceImportFrom" "loadNamespace" "doTryCatch" "tryCatchOne" "tryCatchList" "tryCatch" "requireNamespace" "require_bit64_if_needed" "data.table::fread" 
"is" ".resetInheritedMethods" ".updateMethodsInTable" "methods::cacheMetaData" "loadNamespace" "doTryCatch" "tryCatchOne" "tryCatchList" "tryCatch" "requireNamespace" "require_bit64_if_needed" "data.table::fread" 
"gzfile" "readRDS" "doTryCatch" "tryCatchOne" "tryCatchList" "tryCatch" "FUN" "lapply" "find.package" "loadNamespace" "asNamespace" "namespaceImportFrom" "loadNamespace" "doTryCatch" "tryCatchOne" "tryCatchList" "tryCatch" "try_load_namespace" "init_use_ragg" "use_ragg" "device_shadow" ".ps.graphics.create_device" ".Call" ".ps.Call" ".ark.graphics.device" ".External" "dev.hold" "plot.histogram" "plot" "hist.default" "FUN" "lapply" "eval" "eval" "[.data.table" "[" 
"dyn.load" "library.dynam" "loadNamespace" "doTryCatch" "tryCatchOne" "tryCatchList" "tryCatch" "try_load_namespace" "init_use_ragg" "use_ragg" "device_shadow" ".ps.graphics.create_device" ".Call" ".ps.Call" ".ark.graphics.device" ".External" "dev.hold" "plot.histogram" "plot" "hist.default" "FUN" "lapply" "eval" "eval" "[.data.table" "[" 
"format_list_item.default" "FUN" "vapply" "vapply_1c" "format_col.default" "FUN" "lapply" "do.call" "format.data.table" "print.data.table" "<Anonymous>" 
".External" "grDevices::dev.off" "...elt" "withVisible" "utils::capture.output" "<Anonymous>" "with_graphics_device" ".ps.graphics.render_plot_from_recording" 
"mayCallBrowser" "cmpfun" "doTryCatch" "tryCatchOne" "tryCatchList" "tryCatch" "compiler:::tryCmpfun" "ensure_directory" "render_directory" "render_path" ".ps.graphics.render_plot_from_recording" 
".External" "grDevices::dev.off" "...elt" "withVisible" "utils::capture.output" "<Anonymous>" "with_graphics_device" ".ps.graphics.render_plot_from_recording" 
".External" "grDevices::dev.off" "...elt" "withVisible" "utils::capture.output" "<Anonymous>" "with_graphics_device" ".ps.graphics.render_plot_from_recording" 
".External" "grDevices::dev.off" "...elt" "withVisible" "utils::capture.output" "<Anonymous>" "with_graphics_device" ".ps.graphics.render_plot_from_recording" 
"findCenvVar" "getInlineInfo" "tryInline" "cmpCall" "cmp" "genCode" "cb$putconst" "cmpCallArgs" "cmpCallSymFun" "cmpCall" "cmp" "genCode" "cb$putconst" "cmpCallArgs" "cmpCallSymFun" "cmpCall" "cmp" "cmpPrim1" "h" "tryInline" "cmpCall" "cmp" "h" "tryInline" "cmpCall" "cmp" "h" "tryInline" "cmpCall" "cmp" "genCode" "cmpfun" "doTryCatch" "tryCatchOne" "tryCatchList" "tryCatch" "compiler:::tryCmpfun" "best" 
"findCenvVar" "getInlineInfo" "tryInline" "cmpCall" "cmp" "genCode" "cb$putconst" "cmpCallArgs" "cmpCallSymFun" "cmpCall" "cmp" "genCode" "cb$putconst" "cmpCallArgs" "cmpCallSymFun" "cmpCall" "cmp" "cmpPrim1" "h" "tryInline" "cmpCall" "cmp" "h" "tryInline" "cmpCall" "cmp" "h" "tryInline" "cmpCall" "cmp" "genCode" "cmpfun" "doTryCatch" "tryCatchOne" "tryCatchList" "tryCatch" "compiler:::tryCmpfun" "best" 
"findCenvVar" "getInlineInfo" "tryInline" "cmpCall" "cmp" "genCode" "cb$putconst" "cmpCallArgs" "cmpCallSymFun" "cmpCall" "cmp" "genCode" "cb$putconst" "cmpCallArgs" "cmpCallSymFun" "cmpCall" "cmp" "cmpPrim1" "h" "tryInline" "cmpCall" "cmp" "h" "tryInline" "cmpCall" "cmp" "h" "tryInline" "cmpCall" "cmp" "genCode" "cmpfun" "doTryCatch" "tryCatchOne" "tryCatchList" "tryCatch" "compiler:::tryCmpfun" "best" 
"%chin%" "data.table::fread" "best" 
".Call" "data.table::fread" "best" 
".Call" "data.table::fread" "best" 
".Call" "data.table::fread" "best" 
"file.info" "data.table::fread" "best" 
".Call" "data.table::fread" "best" 
"cb$putcode" "cmpCallArgs" "cmpCallSymFun" "cmpCall" "cmp" "cmpBuiltinArgs" "cmpDispatch" "h" "tryInline" "cmpCall" "cmp" "cmpSymbolAssign" "h" "tryInline" "cmpCall" "cmp" "h" "tryInline" "cmpCall" "cmp" "genCode" "cmpfun" "doTryCatch" "tryCatchOne" "tryCatchList" "tryCatch" "compiler:::tryCmpfun" "rankhospital" 
".Call" "data.table::fread" "rankhospital" 
".Call" "data.table::fread" "rankhospital" 
"FUN" "lapply" "sapply" "tolower" "setnames" "rankhospital" 
".Call" "data.table::fread" "rankhospital" 
"close.connection" "close" "readBin" "data.table::fread" "rankhospital" 
".Call" "data.table::fread" "rankhospital" 
"parent.env" "findCenvVar" "getInlineInfo" "tryInline" "cmpCall" "cmp" "cmpBuiltinArgs" "h" "tryInline" "cmpCall" "cmp" "cmpBuiltinArgs" "cmpDispatch" "h" "tryInline" "cmpCall" "cmp" "cmpComplexAssign" "h" "tryInline" "cmpCall" "cmp" "h" "tryInline" "cmpCall" "cmp" "genCode" "cmpfun" "doTryCatch" "tryCatchOne" "tryCatchList" "tryCatch" "compiler:::tryCmpfun" "rankall" 
".Call" "data.table::fread" "rankall" 
"forderv" "order" "eval" "eval" "doTryCatch" "tryCatchOne" "tryCatchList" "doTryCatch" "tryCatchOne" "tryCatchList" "tryCatch" "[.data.table" "[" "rankall" 
".Call" "data.table::fread" "rankall" 
".Call" "data.table::fread" "rankall" 
".Call" "data.table::fread" "rankall" 
"makeRestartList" "withRestarts" ".signalSimpleWarning" "as.numeric" "eval" "eval" "[.data.table" "[" "rankall" 
"file.exists" "FUN" "lapply" "find.package" "index.search" "help" "help" ".ps.help.getHtmlHelpContents" 
"download.file" 
"download.file" 
"download.file" 
"download.file" 
"download.file" 
".External" "unzip" 
".External" "unzip" 
".External" "unzip" 
".External" "unzip" 
"grepl" "find.package" "index.search" "help" "help" ".ps.help.getHtmlHelpContents" 
"gsub" "fsub" "htmlify" "utils:::getSrcByte" "isBlankLineRd" "addParaBreaks" "writeLines" "writeLinesUTF8" "of1" "writeBlock" "writeContent" "writeContent" "writeSection" "tools::Rd2HTML" "getHtmlHelpContentsInstalled" ".ps.help.getHtmlHelpContents" 
".External" "unzip" 
".External" "unzip" 
".External" "unzip" 
"mayCallBrowser" "mayCallBrowserList" "mayCallBrowser" "mayCallBrowserList" "mayCallBrowser" "mayCallBrowserList" "mayCallBrowser" "mayCallBrowserList" "mayCallBrowser" "cmpfun" "doTryCatch" "tryCatchOne" "tryCatchList" "tryCatch" "compiler:::tryCmpfun" "pollutantmean" 
"close.connection" "close" "read.table" "read.csv" "pollutantmean" 
"scan" "read.table" "read.csv" "pollutantmean" 
"scan" "read.table" "read.csv" "pollutantmean" 
"scan" "read.table" "read.csv" "pollutantmean" 
"scan" "read.table" "read.csv" "pollutantmean" 
"scan" "read.table" "read.csv" "pollutantmean" 
"scan" "read.table" "read.csv" "pollutantmean" 
"scan" "read.table" "read.csv" "pollutantmean" 
"scan" "read.table" "read.csv" "pollutantmean" 
"scan" "read.table" "read.csv" "pollutantmean" 
"scan" "read.table" "read.csv" "pollutantmean" 
"c" "append" "pollutantmean" 
"scan" "read.table" "read.csv" "pollutantmean" 
"scan" "read.table" "read.csv" "pollutantmean" 
"scan" "read.table" "read.csv" "pollutantmean" 
"scan" "read.table" "read.csv" "pollutantmean" 
"scan" "read.table" "read.csv" "pollutantmean" 
"close.connection" "close" "read.table" "read.csv" "pollutantmean" 
"scan" "read.table" "read.csv" "pollutantmean" 
"scan" "read.table" "read.csv" "pollutantmean" 
"scan" "read.table" "read.csv" "pollutantmean" 
"scan" "read.table" "read.csv" "pollutantmean" 
"scan" "read.table" "read.csv" "pollutantmean" 
"scan" "read.table" "read.csv" "pollutantmean" 
"scan" "read.table" "read.csv" "pollutantmean" 
"file" "read.table" "read.csv" "pollutantmean" 
"scan" "read.table" "read.csv" "pollutantmean" 
"c" "append" "pollutantmean" 
"close.connection" "close" "read.table" "read.csv" "pollutantmean" 
"scan" "read.table" "read.csv" "complete" 
".External" "grDevices::dev.off" "...elt" "withVisible" "utils::capture.output" "<Anonymous>" "with_graphics_device" ".ps.graphics.render_plot_from_recording" 
"scan" "read.table" "read.csv" "pollutantmean" 
"cmp" "cmpSymbolAssign" "h" "tryInline" "cmpCall" "cmp" "h" "tryInline" "cmpCall" "cmp" "h" "tryInline" "cmpCall" "cmp" "h" "tryInline" "cmpCall" "cmp" "h" "tryInline" "cmpCall" "cmp" "cmpSymbolAssign" "h" "tryInline" "cmpCall" "cmp" "h" "tryInline" "cmpCall" "cmp" "genCode" "cmpfun" "doTryCatch" "tryCatchOne" "tryCatchList" "tryCatch" "compiler:::tryCmpfun" "histogram_num_bins" "profile_histogram" 
"scan" "read.table" "read.csv" "complete" 
"scan" "read.table" "read.csv" "complete" 
"scan" "read.table" "read.csv" "complete" 
"scan" "read.table" "read.csv" "complete" 
"scan" "read.table" "read.csv" "complete" 
"scan" "read.table" "read.csv" "complete" 
"file" "read.table" "read.csv" "complete" 
"scan" "read.table" "read.csv" "complete" 
"scan" "read.table" "read.csv" "complete" 
"scan" "read.table" "read.csv" "complete" 
".External2" "type.convert.default" "type.convert" "read.table" "read.csv" "complete" 
"scan" "read.table" "read.csv" "complete" 
"scan" "read.table" "read.csv" "complete" 
"scan" "read.table" "read.csv" "complete" 
"scan" "read.table" "read.csv" "complete" 
"scan" "read.table" "read.csv" "complete" 
"scan" "read.table" "read.csv" "complete" 
"close.connection" "close" "read.table" "read.csv" "complete" 
"scan" "read.table" "read.csv" "complete" 
"scan" "read.table" "read.csv" "complete" 
"scan" "read.table" "read.csv" "complete" 
"scan" "read.table" "read.csv" "complete" 
"scan" "read.table" "read.csv" "complete" 
"scan" "read.table" "read.csv" "complete" 
"scan" "read.table" "read.csv" "complete" 
"close.connection" "close" "read.table" "read.csv" "complete" 
"scan" "read.table" "read.csv" "complete" 
"close.connection" "close" "readRDS" "index.search" "help" "help" ".ps.help.getHtmlHelpContents" 
"gzfile" "readRDS" "doTryCatch" "tryCatchOne" "tryCatchList" "tryCatch" "FUN" "lapply" "find.package" "index.search" "help" "help" ".ps.help.getHtmlHelpContents" 
"lazyLoadDBfetch" 
"gsub" "fsub" "htmlify" "utils:::getSrcByte" "isBlankLineRd" "addParaBreaks" "writeLines" "writeLinesUTF8" "of1" "writeBlock" "writeContent" "writeSection" "tools::Rd2HTML" "getHtmlHelpContentsInstalled" ".ps.help.getHtmlHelpContents" 
"writeSection" "tools::Rd2HTML" "getHtmlHelpContentsInstalled" ".ps.help.getHtmlHelpContents" 
"gzfile" "readRDS" "utils::packageDescription" "tools::Rd2HTML" "getHtmlHelpContentsInstalled" ".ps.help.getHtmlHelpContents" 
"simplify2array" "RdTags" "writeContent" "writeContent" "writeSection" "tools::Rd2HTML" "getHtmlHelpContentsInstalled" ".ps.help.getHtmlHelpContents" 
"close.connection" "close" "readRDS" "index.search" "help" "help" ".ps.help.getHtmlHelpContents" 
"readRDS" "lazyLoadDBexec" "tools:::fetchRdDB" "utils:::.getHelpFile" "getHtmlHelpContentsInstalled" ".ps.help.getHtmlHelpContents" 
"<Anonymous>" "lazyLoadDBfetch" "fetch" "fun" "lazyLoadDBexec" "tools:::fetchRdDB" "utils:::.getHelpFile" "getHtmlHelpContentsInstalled" ".ps.help.getHtmlHelpContents" 
"gsub" "fsub" "vhtmlify" "writeLines" "writeLinesUTF8" "of1" "writeBlock" "writeContent" "writeSection" "tools::Rd2HTML" "getHtmlHelpContentsInstalled" ".ps.help.getHtmlHelpContents" 
"close.connection" "close" "readRDS" "index.search" "help" "help" ".ps.help.getHtmlHelpContents" 
"gzfile" "readRDS" "doTryCatch" "tryCatchOne" "tryCatchList" "tryCatch" "FUN" "lapply" "find.package" "index.search" "help" "help" ".ps.help.getHtmlHelpContents" 
"close.connection" "close" "tools::Rd2HTML" "getHtmlHelpContentsInstalled" ".ps.help.getHtmlHelpContents" 
